Sequence;ShortName;NbCranes;LongName;CostRw20;CostRw40;CostRw45;SpeedSingle;SpeedTwin;DistToNext;StdFuelCons;StdSpeed;worldwide;Gmhold;Gmdeck;StdTimeAtBerth;StdTimeAtSea;FuelCost;Berth Side;MaxTierHeight;MaxRowWidth;EstimContWeight;MaxDraft;HourlyCost;WindowStartTime;WindowEndTime;TimeIn;TimeOut;WorkDistBtwCranes;LastAsianPort
1;MYPKG;8.0;PORT KLANG;49,6;74,4;74,4;20.0;17.0;2407.8;115.67666666666666;17.84;1;5.0;5.0;52.0;134.97;528.2810034055985;I;8.0;22.0;;13.0;4031.19;2024-05-27 11:00:00;2024-05-29 11:00:00;2.0;2.0;1;
2;CNSHA;6.0;SHANGHAI;34,96;55,11;69,03;20.0;17.0;118.0;102.55;16.86;1;5.0;5.0;38.0;7.0;604.0;I;8.0;22.0;;13.0;283.39;2024-06-04 06:00:00;2024-06-05 16:00:00;2.0;2.0;1;
3;CNNGB;6.0;NINGBO;49,33;76,71;112,39;20.0;17.0;450.0;87.90666666666668;16.08;1;5.0;5.0;52.0;28.0;604.0;I;8.0;22.0;;13.0;2284.33;2024-06-07 02:00:00;2024-06-08 02:00:00;3.0;3.0;1;
4;CNXMN;2.0;XIAMEN;48,05;73,89;92,37;20.0;17.0;320.0;62.69333333333333;14.55;1;5.0;5.0;18.0;22.0;604.0;I;8.0;22.0;;13.0;760.37;2024-06-09 12:00:00;2024-06-10 00:00:00;3.0;3.0;1;
5;CNNSA;5.0;NANSHA;35,55;53,33;53,33;20.0;17.0;15.0;24.97;5.0;1;5.0;5.0;21.0;3.0;604.0;I;8.0;22.0;;13.0;0.0;2024-06-11 04:00:00;2024-06-11 20:00:00;3.0;2.0;1;
6;CNSHK;5.0;SHEKOU;48,89;48,89;48,89;20.0;17.0;1462.1;135.51666666666665;18.75;1;5.0;5.0;26.0;78.0;604.0;I;8.0;22.0;;13.0;5209.5;2024-06-12 03:00:00;2024-06-13 01:00:00;2.0;2.0;1;X
