REAL_CONTAINER_ID,TEST_CONTAINER_ID,POL,POD,ISO_CODE,WEIGHT_KG,SETTING,SLOT_POSITION,CARRIER
TCLU6076017,C7660,SAJED,MYPKG,,5.485,E,861778,CMA
TRIU0828868,C7661,SAJED,CNSHA,,5.485,E,861778,CMA
