Container_group,Container,Slot,POL_nb,LoadPort,POD_nb,DischPort,Weight
DP8617781,TCLU6076017,861778,-12,SAJED,1,MYPKG,5.485
DP8617781,TRIU0828868,861778,-12,SAJED,2,CNSHA,5.485
DP8617782,TRIU0828868,861778,-12,SAJED,2,CNSHA,5.485
