Container,LoadPort,POL_nb,DischPort,POD_nb,Size,cType,cWeight,Height,cDG,Empty,Revenue,Type,Setting,Weight,Slot,priorityID,priorityLevel,overstowPort,NonReeferAtReefer,Subport,Stowage,DGheated,Exclusion,OOG_FORWARD,OOG_AFTWARDS,OOG_RIGHT,OOG_RIGHT_MEASURE,OOG_LEFT,OOG_LEFT_MEASURE,OOG_TOP,OOG_TOP_MEASURE
DP1800821,MXLZC,-3,CNNGB,1,40,GP,H,HC,,E,50000.0,49P0,E,20.0,180082,-1,-1,,,,,0,0.0,0,0,0,0.0,0,0.0,0,0.0910000000000001
