REAL_CONTAINER_ID,TEST_CONTAINER_ID,POL,POD,ISO_CODE,WEIGHT_KG,SETTING,SLOT_POSITION,CARRIER
CAXU5750737,C9267,MXLZC,CNNGB,,4.0,E,180082,CMA
FBIU4917130,C9268,MXLZC,CNNGB,,4.0,E,180082,CMA
CAXU5753736,C9269,MXLZC,CNNGB,,4.0,E,180082,CMA
VECU1130769,C9270,MXLZC,CNNGB,,4.0,E,180082,CMA
FBIU4925727,C9271,MXLZC,CNNGB,,4.0,E,180082,CMA
