Container,Slot,POL_nb,LoadPort,POD_nb,DischPort,Weight,Container_group
CAXU5750737,180082,-3,MXLZC,1,CNNGB,4.0,DP1800821
FBIU4917130,180082,-3,MXLZC,1,CNNGB,4.0,DP1800821
CAXU5753736,180082,-3,MXLZC,1,CNNGB,4.0,DP1800821
VECU1130769,180082,-3,MXLZC,1,CNNGB,4.0,DP1800821
FBIU4925727,180082,-3,MXLZC,1,CNNGB,4.0,DP1800821
