Sequence;ShortName;NbCranes;LongName;CostRw20;CostRw40;CostRw45;SpeedSingle;SpeedTwin;DistToNext;StdFuelCons;StdSpeed;worldwide;Gmhold;Gmdeck;StdTimeAtBerth;StdTimeAtSea;FuelCost;Berth Side;MaxTierHeight;MaxRowWidth;EstimContWeight;MaxDraft;HourlyCost;WindowStartTime;WindowEndTime;TimeIn;TimeOut;WorkDistBtwCranes;LastAsianPort
1;CNNGB;6.0;NINGBO;49,33;76,71;112,39;20.0;17.0;73.0;38.29666666666667;12.17;0;8.0;8.0;37.0;6.0;604.0;I;8.0;22.0;;11.0;0.0;2024-07-23 09:00:00;2024-07-24 08:00:00;2.0;2.0;1;
2;CNSHA;6.0;SHANGHAI;34,96;55,11;69,03;20.0;17.0;377.5;43.653333333333336;12.59;0;8.0;8.0;64.0;30.0;604.0;I;8.0;22.0;;11.0;806.09;2024-07-25 04:00:00;2024-07-26 04:00:00;2.0;2.0;1;
3;CNTAO;2.0;QINGDAO;30,81;46,22;46,22;20.0;17.0;480.6;100.07666666666668;17.17;0;8.0;8.0;26.0;28.0;604.0;I;8.0;22.0;;11.0;2827.18;2024-07-29 01:00:00;2024-07-30 01:00:00;1.0;1.0;1;
4;KRPUS;5.0;BUSAN, KOREA;112,67;165,71;176,04;20.0;17.0;6407.2;130.6;18.91;0;8.0;8.0;90.0;339.0;526.2329878886253;I;8.0;22.0;;11.0;7306.45;2024-07-31 07:00:00;2024-08-01 10:00:00;1.0;1.0;1;X
5;MXZLO;5.0;MANZANILLO, MX;125;125;125;20.0;17.0;172.3;40.70666666666667;12.31;0;8.0;8.0;34.0;14.0;604.0;I;8.0;22.0;;11.0;336.64;2024-08-18 04:00:00;2024-08-19 12:00:00;1.0;1.0;1;
6;MXLZC;5.0;LAZARO CARDENAS;112,2;112,2;112,2;20.0;17.0;1686.4;59.07;14.06;0;8.0;8.0;42.0;120.0;604.0;I;8.0;22.0;;11.0;3454.3;2024-08-20 04:00:00;2024-08-21 04:00:00;1.0;1.0;1;
7;COBUN;5.0;BUENAVENTURA;90;90;90;20.0;17.0;1123.1;34.593333333333334;11.12;0;8.0;8.0;66.0;101.0;604.0;I;8.0;22.0;;11.0;0.0;2024-08-27 00:00:00;2024-08-28 00:00:00;3.0;3.0;1;
8;PECLL;5.0;CALLAO;115;115;115;20.0;17.0;668.6;36.7;11.84;0;8.0;8.0;51.0;56.5;604.0;I;8.0;22.0;;11.0;1302.75;2024-09-02 23:00:00;2024-09-04 07:00:00;0.5;0.5;1;
9;ECPSJ;4.0;POSORJA;110;110;110;20.0;17.0;1787.0;61.01666666666667;14.3;0;8.0;8.0;38.0;125.0;604.0;I;8.0;22.0;;11.0;3718.1;2024-09-07 11:00:00;2024-09-08 19:00:00;3.0;3.0;1;
