Container,LoadPort,POL_nb,DischPort,POD_nb,Size,cType,cWeight,Height,cDG,Empty,Revenue,Type,Setting,Weight,Slot,priorityID,priorityLevel,overstowPort,NonReeferAtReefer,Subport,Stowage,DGheated,Exclusion,OOG_FORWARD,OOG_AFTWARDS,OOG_RIGHT,OOG_RIGHT_MEASURE,OOG_LEFT,OOG_LEFT_MEASURE,OOG_TOP,OOG_TOP_MEASURE
DP5011183,DEHAM,-10,CNSHA,3,40,GP,H,0.0,,E,767.9,42P3,E,26.22,501118,-1,-1,,,,,0,0.0,0,0,0,0.0,0,0.0,0,0.0
DP5013183,CNSHA,3,CNSHA,3,40,GP,H,0.0,,E,767.9,42P3,E,24.41,501318,-1,-1,,,,DECK,0,0.0,0,0,0,0.0,0,0.0,0,0.0
