REAL_CONTAINER_ID,TEST_CONTAINER_ID,POL,POD,ISO_CODE,WEIGHT_KG,SETTING,SLOT_POSITION,CARRIER
CAIU5701047,C10812,DEHAM,CNSHA,,21.09,E,501118,CMA
TCLU6070940,C10813,DEHAM,CNSHA,,5.13,E,501118,CMA
SGRU8502038,C10814,DEHAM,CNSHA,,19.36,E,501318,CMA
AMFU4235835,C10815,DEHAM,CNSHA,,5.05,E,501318,CMA
