Container,Slot,POL_nb,LoadPort,POD_nb,DischPort,Weight,Container_group
CAIU5701047,501118,-10,DEHAM,3,CNSHA,21.09,DP5011183
SGRU8502038,501318,-10,DEHAM,3,CNSHA,19.36,DP5013183
TCLU6070940,501118,-10,DEHAM,3,CNSHA,5.13,DP5011183
AMFU4235835,501318,-10,DEHAM,3,CNSHA,5.05,DP5013183
