Sequence;ShortName;NbCranes;LongName;CostRw20;CostRw40;CostRw45;SpeedSingle;SpeedTwin;DistToNext;StdFuelCons;StdSpeed;worldwide;Gmhold;Gmdeck;StdTimeAtBerth;StdTimeAtSea;FuelCost;Berth Side;MaxTierHeight;MaxRowWidth;EstimContWeight;MaxDraft;HourlyCost;WindowStartTime;WindowEndTime;TimeIn;TimeOut;WorkDistBtwCranes;LastAsianPort
1;MYPKG;8.0;PORT KLANG;49,6;74,4;74,4;20.0;17.0;2265.9;140.32666666666668;19.05;1;9.0;9.0;54.0;118.95;528.4864733659914;I;8.0;22.0;;13.0;7431.69;2024-07-15 23:00:00;2024-07-17 23:00:00;1.0;1.0;1;
2;CNNGB;9.0;NINGBO;49,33;76,71;112,39;20.0;17.0;73.0;28.05;10.43;1;9.0;9.0;50.0;7.0;604.0;I;8.0;22.0;;13.0;0.0;2024-07-23 02:00:00;2024-07-24 14:00:00;3.0;3.0;1;
3;CNSHA;8.0;SHANGHAI;34,96;55,11;69,03;20.0;17.0;901.6;128.42;18.4;1;9.0;9.0;58.0;49.0;604.0;I;8.0;22.0;;13.0;5181.07;2024-07-25 10:00:00;2024-07-27 10:00:00;2.0;2.0;1;
4;CNYTN;7.0;YANTIAN;76,88;76,88;76,88;20.0;17.0;1483.1;132.28333333333333;18.54;1;9.0;9.0;34.0;80.0;604.0;I;8.0;22.0;;13.0;6325.84;2024-07-29 21:00:00;2024-07-30 21:00:00;2.0;2.0;1;
5;SGSIN;10.0;SINGAPORE;83,45;83,45;83,45;20.0;17.0;10752.0;120.12;18.08;1;9.0;9.0;28.0;595.0;525.7347470238095;I;8.0;22.0;;13.0;0.0;2024-08-03 15:00:00;2024-08-04 15:00:00;2.0;2.0;1;X
