Sequence;ShortName;NbCranes;LongName;CostRw20;CostRw40;CostRw45;SpeedSingle;SpeedTwin;DistToNext;StdFuelCons;StdSpeed;worldwide;Gmhold;Gmdeck;StdTimeAtBerth;StdTimeAtSea;FuelCost;Berth Side;MaxTierHeight;MaxRowWidth;EstimContWeight;MaxDraft;HourlyCost;WindowStartTime;WindowEndTime;TimeIn;TimeOut;WorkDistBtwCranes;LastAsianPort
1;LKCMB;5.0;COLOMBO;93;142;160;20.0;17.0;3.58;24.046666666666663;0.02;0;7.0;6.0;30.0;338.50;604.0;I;50.0;22.0;;12.0;0.0;2023-09-06 23:30:00;2023-09-07 21:30:00;1.00;1.00;1;
2;MAPTM;4.0;TANGER MED;54,16;60,68;60,68;20.0;17.0;2.75;24.046666666666663;0.02;0;7.0;6.0;28.0;150.00;604.0;I;50.0;22.0;;12.0;0.0;2023-09-22 09:00:00;2023-09-22 21:00:00;1.00;1.00;1;
3;CAHAL;4.0;HALIFAX, NS;223,33;223,33;223,33;20.0;17.0;0.55;24.046666666666663;0.02;0;7.0;6.0;31.0;37.00;604.0;I;50.0;22.0;;12.0;0.0;2023-09-29 21:00:00;2023-09-30 20:00:00;4.00;4.00;1;
4;USNYC;6.0;NEW YORK, NY;300,4;300,4;300,4;20.0;17.0;0.29;24.046666666666663;0.02;0;7.0;6.0;62.0;16.00;604.0;I;50.0;22.0;;12.0;0.0;2023-10-02 17:00:00;2023-10-04 11:00:00;4.00;4.00;1;
5;USORF;5.0;NORFOLK, VA;187,38;187,38;187,38;20.0;17.0;0.51;24.046666666666663;0.02;0;7.0;6.0;37.0;30.00;604.0;I;50.0;22.0;;12.0;0.0;2023-10-05 23:00:00;2023-10-07 04:00:00;4.00;4.00;1;
6;USSAV;6.0;SAVANNAH, GA;156,19;156,19;156,19;20.0;17.0;0.08;24.046666666666663;0.02;0;7.0;6.0;60.0;5.00;604.0;I;50.0;22.0;;12.0;0.0;2023-10-09 04:00:00;2023-10-10 22:00:00;4.00;4.00;1;
7;USCHS;5.0;CHARLESTON, SC;139,98;139,98;139,98;20.0;17.0;5.63;63.053333333333335;14.44;0;7.0;6.0;62.0;0.39;604.0;I;50.0;22.0;;12.0;0.0;2023-10-11 11:00:00;2023-10-12 17:00:00;4.00;4.00;1;
